[2026-01-01] Day 1 session 1: Binary tree level order traversal
[2026-01-01] Day 1 session 2: Trie insert and search
[2026-01-02] Day 2 session 1: Practiced sliding window
[2026-01-02] Day 2 session 2: Dynamic programming basics
[2026-01-02] Day 2 session 3: Heap operations practice
[2026-01-03] Day 3 session 1: Solved array rotation problem
[2026-01-03] Day 3 session 2: Heap operations practice
[2026-01-03] Day 3 session 3: Merge two sorted lists
[2026-01-04] Day 4 session 1: Dijkstra shortest path
[2026-01-04] Day 4 session 2: Implemented two-pointer technique
[2026-01-05] Day 5 session 1: Graph BFS traversal
[2026-01-05] Day 5 session 2: Dijkstra shortest path
[2026-01-05] Day 5 session 3: Practiced sliding window
[2026-01-06] Day 6 session 1: Binary tree level order traversal
[2026-01-06] Day 6 session 2: Binary search practice
[2026-01-07] Day 7 session 1: Trie insert and search
[2026-01-07] Day 7 session 2: Trie insert and search
[2026-01-08] Day 8 session 1: Segment tree basics
[2026-01-08] Day 8 session 2: Hash map collision handling
[2026-01-09] Day 9 session 1: Matrix traversal problems
[2026-01-09] Day 9 session 2: Implemented two-pointer technique
[2026-01-09] Day 9 session 3: Practiced sliding window
[2026-01-10] Day 10 session 1: Merge sort implementation
[2026-01-10] Day 10 session 2: Recursion and backtracking
[2026-01-10] Day 10 session 3: Merge two sorted lists
[2026-01-12] Day 11 session 1: LRU cache implementation
[2026-01-12] Day 11 session 2: Merge two sorted lists
[2026-01-12] Day 11 session 3: Matrix traversal problems
[2026-01-13] Day 12 session 1: Trie insert and search
[2026-01-13] Day 12 session 2: Hash map collision handling
[2026-01-14] Day 13 session 1: Solved array rotation problem
[2026-01-14] Day 13 session 2: Trie insert and search
[2026-01-14] Day 13 session 3: Matrix traversal problems
[2026-01-15] Day 14 session 1: Binary search practice
[2026-01-15] Day 14 session 2: Segment tree basics
[2026-01-16] Day 15 session 1: Recursion and backtracking
[2026-01-16] Day 15 session 2: Quick sort practice
[2026-01-16] Day 15 session 3: Dijkstra shortest path
[2026-01-17] Day 16 session 1: Solved array rotation problem
[2026-01-17] Day 16 session 2: Solved array rotation problem
[2026-01-18] Day 17 session 1: Binary tree level order traversal
[2026-01-18] Day 17 session 2: LRU cache implementation
[2026-01-19] Day 18 session 1: Matrix traversal problems
[2026-01-19] Day 18 session 2: Merge two sorted lists
[2026-01-20] Day 19 session 1: Dynamic programming basics
[2026-01-20] Day 19 session 2: Detect cycle in linked list
[2026-01-20] Day 19 session 3: Queue using two stacks
[2026-01-21] Day 20 session 1: Binary search practice
[2026-01-21] Day 20 session 2: Binary tree level order traversal
[2026-01-22] Day 21 session 1: Binary tree level order traversal
[2026-01-22] Day 21 session 2: Practiced sliding window
[2026-01-23] Day 22 session 1: Graph DFS traversal
[2026-01-23] Day 22 session 2: Inorder/preorder/postorder practice
[2026-01-24] Day 23 session 1: LRU cache implementation
[2026-01-24] Day 23 session 2: Merge sort implementation
[2026-01-24] Day 23 session 3: Linked list reversal practice
[2026-01-26] Day 24 session 1: Segment tree basics
[2026-01-26] Day 24 session 2: Recursion and backtracking
[2026-01-26] Day 24 session 3: Segment tree basics
[2026-01-27] Day 25 session 1: Binary search practice
[2026-01-27] Day 25 session 2: Inorder/preorder/postorder practice
